
--- Testing Certifi ---
Options: {'tls': True, 'tlsCAFile': 'C:\\Users\\VAIBHAV SHARMA\\dev\\eventify\\backend\\venv\\Lib\\site-packages\\certifi\\cacert.pem'}
SUCCESS: Connected with Certifi!

--- Testing System Certs ---
Options: {'tls': True}
SUCCESS: Connected with System Certs!

--- Testing Insecure ---
Options: {'tls': True, 'tlsAllowInvalidCertificates': True}
SUCCESS: Connected with Insecure!
